******************************************************************************
                  TI ARM Linker PC v16.9.0                     
******************************************************************************
>> Linked Sun Apr 08 23:01:59 2018

OUTPUT FILE NAME:   <Hw5P2.out>
ENTRY POINT SYMBOL: "_c_int00"  address: 0000088d


MEMORY CONFIGURATION

         name            origin    length      used     unused   attr    fill
----------------------  --------  ---------  --------  --------  ----  --------
  FLASH                 00000000   00100000  00000e40  000ff1c0  R  X
  SRAM                  20000000   00040000  00000218  0003fde8  RW X


SEGMENT ALLOCATION MAP

run origin  load origin   length   init length attrs members
----------  ----------- ---------- ----------- ----- -------
00000000    00000000    00000e44   00000e44    r-x
  00000000    00000000    00000200   00000200    r-- .intvecs
  00000200    00000200    000009c8   000009c8    r-x .text
  00000bc8    00000bc8    00000254   00000254    r-- .const
  00000e20    00000e20    00000024   00000024    r-- .cinit
20000000    20000000    00000218   00000000    rw-
  20000000    20000000    00000200   00000000    rw- .stack
  20000200    20000200    00000018   00000000    rw- .data


SECTION ALLOCATION MAP

 output                                  attributes/
section   page    origin      length       input sections
--------  ----  ----------  ----------   ----------------
.intvecs   0    00000000    00000200     
                  00000000    00000200     startup_ccs.obj (.intvecs)

.text      0    00000200    000009c8     
                  00000200    00000200     driverlib.lib : sysctl.obj (.text:SysCtlClockFreqSet)
                  00000400    00000132                   : gpio.obj (.text:GPIOPadConfigSet)
                  00000532    00000002     startup_ccs.obj (.text:FaultISR)
                  00000534    00000130     uart_echo.obj (.text:main)
                  00000664    0000009c     rtsv7M4_T_le_v4SPD16_eabi.lib : memcpy_t2.obj (.text)
                  00000700    00000070                                   : autoinit.obj (.text)
                  00000770    00000068                                   : copy_decompress_lzss.obj (.text:decompress:lzss)
                  000007d8    0000005c     uart_echo.obj (.text:ascii_lut)
                  00000834    00000058     uart_echo.obj (.text:my_itoa)
                  0000088c    00000054     rtsv7M4_T_le_v4SPD16_eabi.lib : boot.obj (.text)
                  000008e0    00000054                                   : exit.obj (.text)
                  00000934    0000004c     uart_echo.obj (.text:UARTIntHandler)
                  00000980    0000004c     rtsv7M4_T_le_v4SPD16_eabi.lib : cpy_tbl.obj (.text)
                  000009cc    00000048     driverlib.lib : sysctl.obj (.text:_SysCtlFrequencyGet)
                  00000a14    00000040     rtsv7M4_T_le_v4SPD16_eabi.lib : u_divt2.obj (.text)
                  00000a54    00000038     driverlib.lib : sysctl.obj (.text:SysCtlPeripheralReady)
                  00000a8c    00000034                   : sysctl.obj (.text:SysCtlPeripheralEnable)
                  00000ac0    0000002a                   : gpio.obj (.text:GPIODirModeSet)
                  00000aea    00000002     startup_ccs.obj (.text:IntDefaultHandler)
                  00000aec    00000028     uart_echo.obj (.text:UARTSend)
                  00000b14    00000020     driverlib.lib : sysctl.obj (.text:_SysCtlMemTimingGet)
                  00000b34    00000018                   : gpio.obj (.text:GPIOPinTypeGPIOOutput)
                  00000b4c    00000018     rtsv7M4_T_le_v4SPD16_eabi.lib : args_main.obj (.text)
                  00000b64    00000014                                   : _lock.obj (.text)
                  00000b78    00000010     driverlib.lib : interrupt.obj (.text:IntMasterEnable)
                  00000b88    0000000e                   : uart.obj (.text:UARTCharGetNonBlocking)
                  00000b96    0000000e     rtsv7M4_T_le_v4SPD16_eabi.lib : copy_decompress_none.obj (.text:decompress:none)
                  00000ba4    0000000c     driverlib.lib : cpu.obj (.text:CPUcpsie)
                  00000bb0    00000006                   : gpio.obj (.text:GPIOPinWrite)
                  00000bb6    00000006     startup_ccs.obj (.text:ResetISR)
                  00000bbc    00000004     rtsv7M4_T_le_v4SPD16_eabi.lib : pre_init.obj (.text)
                  00000bc0    00000002     startup_ccs.obj (.text:NmiSR)
                  00000bc2    00000002     rtsv7M4_T_le_v4SPD16_eabi.lib : i_div0.obj (.text)
                  00000bc4    00000002                                   : mpu_init.obj (.text)
                  00000bc6    00000002                                   : startup.obj (.text)

.const     0    00000bc8    00000254     
                  00000bc8    000001b0     driverlib.lib : sysctl.obj (.const:g_pppui32XTALtoVCO)
                  00000d78    0000006c                   : sysctl.obj (.const:g_pui32Xtals)
                  00000de4    00000030                   : sysctl.obj (.const:g_sXTALtoMEMTIM)
                  00000e14    00000008                   : sysctl.obj (.const)

.cinit     0    00000e20    00000024     
                  00000e20    00000011     (.cinit..data.load) [load image, compression = lzss]
                  00000e31    00000003     --HOLE-- [fill = 0]
                  00000e34    00000008     (__TI_handler_table)
                  00000e3c    00000008     (__TI_cinit_table)

.init_array 
*          0    00000000    00000000     UNINITIALIZED

.stack     0    20000000    00000200     UNINITIALIZED
                  20000000    00000200     --HOLE--

.data      0    20000200    00000018     UNINITIALIZED
                  20000200    0000000c     rtsv7M4_T_le_v4SPD16_eabi.lib : exit.obj (.data:$O1$$)
                  2000020c    00000008                                   : _lock.obj (.data:$O1$$)
                  20000214    00000004                                   : stkdepth_vars.obj (.data)

MODULE SUMMARY

       Module                     code   ro data   rw data
       ------                     ----   -------   -------
    .\
       uart_echo.obj              600    0         0      
       startup_ccs.obj            12     512       0      
    +--+--------------------------+------+---------+---------+
       Total:                     612    512       0      
                                                          
    D:/ti/TivaWare/driverlib/ccs/Debug/driverlib.lib
       sysctl.obj                 724    596       0      
       gpio.obj                   378    0         0      
       interrupt.obj              16     0         0      
       uart.obj                   14     0         0      
       cpu.obj                    12     0         0      
    +--+--------------------------+------+---------+---------+
       Total:                     1144   596       0      
                                                          
    D:\ti\ccsv7\tools\compiler\ti-cgt-arm_16.9.0.LTS\lib\rtsv7M4_T_le_v4SPD16_eabi.lib
       memcpy_t2.obj              156    0         0      
       autoinit.obj               112    0         0      
       copy_decompress_lzss.obj   104    0         0      
       exit.obj                   84     0         12     
       boot.obj                   84     0         0      
       cpy_tbl.obj                76     0         0      
       u_divt2.obj                64     0         0      
       _lock.obj                  20     0         8      
       args_main.obj              24     0         0      
       copy_decompress_none.obj   14     0         0      
       pre_init.obj               4      0         0      
       stkdepth_vars.obj          0      0         4      
       i_div0.obj                 2      0         0      
       mpu_init.obj               2      0         0      
       startup.obj                2      0         0      
    +--+--------------------------+------+---------+---------+
       Total:                     748    0         24     
                                                          
       Stack:                     0      0         512    
       Linker Generated:          0      33        0      
    +--+--------------------------+------+---------+---------+
       Grand Total:               2504   1141      536    


LINKER GENERATED COPY TABLES

__TI_cinit_table @ 00000e3c records: 1, size/record: 8, table size: 8
	.data: load addr=00000e20, load size=00000011 bytes, run addr=20000200, run size=00000018 bytes, compression=lzss


LINKER GENERATED HANDLER TABLE

__TI_handler_table @ 00000e34 records: 2, size/record: 4, table size: 8
	index: 0, handler: __TI_decompress_lzss
	index: 1, handler: __TI_decompress_none


GLOBAL SYMBOLS: SORTED ALPHABETICALLY BY Name 

address   name                           
-------   ----                           
000008e1  C$$EXIT                        
00000ba5  CPUcpsie                       
00000ac1  GPIODirModeSet                 
00000401  GPIOPadConfigSet               
00000b35  GPIOPinTypeGPIOOutput          
00000bb1  GPIOPinWrite                   
00000b79  IntMasterEnable                
00000bb7  ResetISR                       
UNDEFED   SHT$$INIT_ARRAY$$Base          
UNDEFED   SHT$$INIT_ARRAY$$Limit         
00000201  SysCtlClockFreqSet             
00000a8d  SysCtlPeripheralEnable         
00000a55  SysCtlPeripheralReady          
00000b89  UARTCharGetNonBlocking         
00000935  UARTIntHandler                 
00000aed  UARTSend                       
20000200  __STACK_END                    
00000200  __STACK_SIZE                   
20000200  __STACK_TOP                    
00000e3c  __TI_CINIT_Base                
00000e44  __TI_CINIT_Limit               
00000e34  __TI_Handler_Table_Base        
00000e3c  __TI_Handler_Table_Limit       
00000701  __TI_auto_init                 
20000200  __TI_cleanup_ptr               
00000771  __TI_decompress_lzss           
00000b97  __TI_decompress_none           
20000204  __TI_dtors_ptr                 
20000208  __TI_enable_exit_profile_output
ffffffff  __TI_pprof_out_hndl            
ffffffff  __TI_prof_data_size            
ffffffff  __TI_prof_data_start           
00000000  __TI_static_base__             
00000bc3  __aeabi_idiv0                  
00000665  __aeabi_memcpy                 
00000665  __aeabi_memcpy4                
00000665  __aeabi_memcpy8                
00000a15  __aeabi_uidiv                  
00000a15  __aeabi_uidivmod               
ffffffff  __binit__                      
ffffffff  __c_args__                     
00000bc5  __mpu_init                     
20000000  __stack                        
00000b4d  _args_main                     
0000088d  _c_int00                       
2000020c  _lock                          
00000b73  _nop                           
00000b6b  _register_lock                 
00000b65  _register_unlock               
00000bc7  _system_post_cinit             
00000bbd  _system_pre_init               
20000210  _unlock                        
000008e5  abort                          
000007d9  ascii_lut                      
ffffffff  binit                          
00000981  copy_in                        
000008ed  exit                           
00000000  g_pfnVectors                   
00000535  main                           
20000214  main_func_sp                   
00000665  memcpy                         
00000835  my_itoa                        


GLOBAL SYMBOLS: SORTED BY Symbol Address 

address   name                           
-------   ----                           
00000000  __TI_static_base__             
00000000  g_pfnVectors                   
00000200  __STACK_SIZE                   
00000201  SysCtlClockFreqSet             
00000401  GPIOPadConfigSet               
00000535  main                           
00000665  __aeabi_memcpy                 
00000665  __aeabi_memcpy4                
00000665  __aeabi_memcpy8                
00000665  memcpy                         
00000701  __TI_auto_init                 
00000771  __TI_decompress_lzss           
000007d9  ascii_lut                      
00000835  my_itoa                        
0000088d  _c_int00                       
000008e1  C$$EXIT                        
000008e5  abort                          
000008ed  exit                           
00000935  UARTIntHandler                 
00000981  copy_in                        
00000a15  __aeabi_uidiv                  
00000a15  __aeabi_uidivmod               
00000a55  SysCtlPeripheralReady          
00000a8d  SysCtlPeripheralEnable         
00000ac1  GPIODirModeSet                 
00000aed  UARTSend                       
00000b35  GPIOPinTypeGPIOOutput          
00000b4d  _args_main                     
00000b65  _register_unlock               
00000b6b  _register_lock                 
00000b73  _nop                           
00000b79  IntMasterEnable                
00000b89  UARTCharGetNonBlocking         
00000b97  __TI_decompress_none           
00000ba5  CPUcpsie                       
00000bb1  GPIOPinWrite                   
00000bb7  ResetISR                       
00000bbd  _system_pre_init               
00000bc3  __aeabi_idiv0                  
00000bc5  __mpu_init                     
00000bc7  _system_post_cinit             
00000e34  __TI_Handler_Table_Base        
00000e3c  __TI_CINIT_Base                
00000e3c  __TI_Handler_Table_Limit       
00000e44  __TI_CINIT_Limit               
20000000  __stack                        
20000200  __STACK_END                    
20000200  __STACK_TOP                    
20000200  __TI_cleanup_ptr               
20000204  __TI_dtors_ptr                 
20000208  __TI_enable_exit_profile_output
2000020c  _lock                          
20000210  _unlock                        
20000214  main_func_sp                   
ffffffff  __TI_pprof_out_hndl            
ffffffff  __TI_prof_data_size            
ffffffff  __TI_prof_data_start           
ffffffff  __binit__                      
ffffffff  __c_args__                     
ffffffff  binit                          
UNDEFED   SHT$$INIT_ARRAY$$Base          
UNDEFED   SHT$$INIT_ARRAY$$Limit         

[62 symbols]
